// Jest Snapshot v1, https://goo.gl/fbAQLP

exports[`serialization serialize it should serialize the "FilteringData" data type 1`] = `
Object {
  "documentsIdsRejectedByGroupId": Object {
    "0": Array [
      2,
    ],
    "1": Array [],
    "2": Array [],
    "3": Array [
      3,
    ],
  },
  "documentsIdsRejectedByMultipleFilters": Array [
    4,
  ],
  "documentsIdsValidated": Array [
    0,
    1,
  ],
  "nextFilterStateForFilterId": Object {
    "activity-1": Object {
      "documentIds": Array [],
      "type": "added",
    },
    "activity-2": Object {
      "documentIds": Array [],
      "type": "added",
    },
    "activity-3": Object {
      "documentIds": Array [
        3,
      ],
      "type": "added",
    },
    "numberOfPeople": Object {
      "documentIds": Array [
        1,
      ],
      "type": "narrowed",
    },
    "priceMax": Object {
      "documentIds": Array [
        0,
      ],
      "type": "narrowed",
    },
    "priceMin": Object {
      "documentIds": Array [],
      "type": "added",
    },
  },
  "nextFilterStatesForNonAppliedFilterId": Object {
    "activity-3": Object {
      "documentIds": Array [
        3,
      ],
      "type": "added",
    },
    "numberOfPeople": Object {
      "documentIds": Array [
        1,
      ],
      "type": "narrowed",
    },
    "priceMax": Object {
      "documentIds": Array [
        0,
      ],
      "type": "narrowed",
    },
  },
}
`;
