// Jest Snapshot v1, https://goo.gl/fbAQLP

exports[`validateFilterConfig it should reject the filterConfig if a field is invalid 1`] = `"Filter Config Error: All field names must be alpha-numeric. They should match a key of the object stored"`;

exports[`validateFilterConfig it should reject the filterConfig if a group of filter is empty 1`] = `"Filter Config Error: A group of filters cannot be empty"`;

exports[`validateFilterConfig it should reject the filterConfig if an Id is invalid 1`] = `"Filter Config Error: All Ids must be alpha-numeric. They should uniquely identify a filter"`;

exports[`validateFilterConfig it should reject the filterConfig if an operator is invalid 1`] = `"Filter Config Error: An operator is invalid. Valid operators are: lt,lte,gt,gte,equals,inRangeClosed,inRangeOpen,inRangeOpenClosed,inRangeClosedOpen,containsOptimized,contains"`;

exports[`validateFilterConfig it should reject the filterConfig if it is empty 1`] = `"Filter Config Error: The filter configuration cannot be empty"`;

exports[`validateFilterConfig it should reject the filterConfig if the Ids are not uniq 1`] = `"Filter Config Error: Ids of filters must be unique"`;

exports[`validateFilterConfig it should reject the filterConfig if the field Id is missing 1`] = `"Filter Config Error: A filter Id is missing"`;

exports[`validateFilterConfig it should reject the filterConfig if the field name is missing 1`] = `"Filter Config Error: A field name is missing"`;

exports[`validateFilterConfig it should reject the filterConfig if the operator is missing 1`] = `"Filter Config Error: An operator is missing"`;

exports[`validateFilterConfig it should reject the filterConfig if undefined 1`] = `"Filter Config Error: The filter configuration cannot be empty"`;

exports[`validateFilterConfig it should reject the filterConfig if wrong filter group type 1`] = `"Filter Config Error: The filter configuration must be an array of arrays"`;

exports[`validateFilterConfig it should reject the filterConfig if wrong type 1`] = `"Filter Config Error: The filter configuration must be an array of arrays"`;

exports[`validateFilterConfig it should return the filterConfig is the validation succeeds 1`] = `
Array [
  Array [
    Object {
      "field": "price",
      "id": "priceMin",
      "operand": 200,
      "operator": "gt",
    },
  ],
  Array [
    Object {
      "field": "price",
      "id": "priceMax",
      "operand": 500,
      "operator": "lt",
    },
  ],
  Array [
    Object {
      "field": "numberOfPeople",
      "id": "numberOfPeople",
      "operand": 2,
      "operator": "equals",
    },
  ],
  Array [
    Object {
      "field": "activity",
      "id": "activity-1",
      "operand": "swimming",
      "operator": "contains",
    },
    Object {
      "field": "activity",
      "id": "activity-2",
      "operand": "tennis",
      "operator": "contains",
    },
    Object {
      "field": "activity",
      "id": "activity-3",
      "operand": "golfing",
      "operator": "contains",
    },
  ],
]
`;
